// Jest Snapshot v1, https://goo.gl/fbAQLP

exports[`Base/DetailsCurrencie should match snapshot 1`] = `
<BVLinearGradient
  colors={
    Array [
      4286537200,
      4280028760,
      4278190080,
    ]
  }
  endPoint={
    Object {
      "x": 0.5,
      "y": 1,
    }
  }
  locations={null}
  startPoint={
    Object {
      "x": 0.5,
      "y": 0,
    }
  }
  style={
    Array [
      Object {
        "borderRadius": 5,
        "maxHeight": 500,
        "maxWidth": 400,
        "paddingTop": 7,
        "width": 300,
      },
      Object {
        "elevation": 8,
        "shadowColor": "#27ae60",
        "shadowOffset": Object {
          "height": 4,
          "width": 0,
        },
        "shadowOpacity": 0.35,
        "shadowRadius": 4.65,
      },
    ]
  }
>
  <Text
    style={
      Array [
        Object {
          "color": "#FFF",
          "textAlign": "center",
        },
      ]
    }
  >
    
  </Text>
  <Text
    style={
      Array [
        Object {
          "color": "#FFF",
          "textAlign": "center",
        },
      ]
    }
  >
    R$ = 
    
  </Text>
  <View
    style={
      Array [
        Object {
          "paddingLeft": 20,
          "paddingRight": 20,
        },
      ]
    }
  >
    <View
      style={
        Array [
          Object {
            "flexDirection": "row",
            "justifyContent": "space-between",
            "marginBottom": 7,
          },
        ]
      }
    >
      <Text
        style={
          Array [
            Object {
              "color": "#FFF",
            },
          ]
        }
      >
        
      </Text>
      <Text
        style={
          Array [
            Object {
              "color": "#FFF",
            },
          ]
        }
      >
        
      </Text>
    </View>
    <View
      style={
        Array [
          Object {
            "flexDirection": "row",
            "justifyContent": "space-between",
            "marginBottom": 7,
          },
        ]
      }
    >
      <View>
        <Text
          style={
            Array [
              Object {
                "color": "#FFF",
              },
            ]
          }
        >
          Moeda
        </Text>
        <Text
          style={
            Array [
              Object {
                "color": "#FFF",
              },
            ]
          }
        >
          
        </Text>
      </View>
      <View
        style={
          Object {
            "alignItems": "flex-end",
          }
        }
      >
        <Text
          style={
            Array [
              Object {
                "color": "#FFF",
              },
            ]
          }
        >
          Regi√£o
        </Text>
        <Text
          style={
            Array [
              Object {
                "color": "#FFF",
              },
            ]
          }
        >
          
        </Text>
      </View>
    </View>
    <View
      style={
        Array [
          Object {
            "flexDirection": "row",
            "justifyContent": "space-between",
            "marginBottom": 7,
          },
        ]
      }
    >
      <View>
        <Text
          style={
            Array [
              Object {
                "color": "#FFF",
              },
            ]
          }
        >
          Abertura
        </Text>
        <Text
          style={
            Array [
              Object {
                "color": "#FFF",
              },
            ]
          }
        >
          
          h
        </Text>
      </View>
      <View
        style={
          Object {
            "alignItems": "flex-end",
          }
        }
      >
        <Text
          style={
            Array [
              Object {
                "color": "#FFF",
              },
            ]
          }
        >
          Fechamento
        </Text>
        <Text
          style={
            Array [
              Object {
                "color": "#FFF",
              },
            ]
          }
        >
          
          h
        </Text>
      </View>
    </View>
    <View
      style={
        Array [
          Object {
            "flexDirection": "row",
            "justifyContent": "space-between",
            "marginBottom": 7,
          },
        ]
      }
    >
      <View>
        <Text
          style={
            Array [
              Object {
                "color": "#FFF",
              },
            ]
          }
        >
          Percentual
        </Text>
        <Text
          style={
            Array [
              Object {
                "color": "#FFF",
              },
            ]
          }
        >
          
          %
        </Text>
      </View>
      <View
        style={
          Object {
            "alignItems": "flex-end",
          }
        }
      >
        <Text
          style={
            Array [
              Object {
                "color": "#FFF",
              },
            ]
          }
        >
          Valor de Mercado
        </Text>
        <Text
          style={
            Array [
              Object {
                "color": "#FFF",
              },
            ]
          }
        >
          R$ = 
          
        </Text>
      </View>
    </View>
  </View>
  <View
    style={
      Array [
        Object {
          "backgroundColor": "#FFF",
          "borderBottomLeftRadius": 5,
          "borderBottomRightRadius": 5,
          "maxHeight": 200,
          "minHeight": 80,
          "paddingBottom": 5,
          "paddingLeft": 5,
          "paddingRight": 5,
          "paddingTop": 5,
          "width": "100%",
        },
      ]
    }
  >
    <Text
      style={
        Array [
          Object {
            "color": "#FFF",
          },
        ]
      }
    >
      
    </Text>
  </View>
</BVLinearGradient>
`
