// Jest Snapshot v1, https://goo.gl/fbAQLP

exports[`Base/ActivityScreen should match snapshot 1`] = `
<View
  style={
    Array [
      Object {
        "alignItems": "center",
        "flexBasis": 0,
        "flexGrow": 1,
        "flexShrink": 1,
        "justifyContent": "center",
      },
    ]
  }
>
  <Text
    style={
      Array [
        Object {
          "color": "#FFF",
        },
      ]
    }
  >
    
  </Text>
  <View
    style={
      Object {
        "marginTop": 10,
        "transform": Array [
          Object {
            "rotate": "0deg",
          },
        ],
      }
    }
  >
    <Text
      allowFontScaling={false}
      style={
        Array [
          Object {
            "color": "#FFF",
            "fontSize": 50,
          },
          undefined,
          Object {
            "fontFamily": "FontAwesome",
            "fontStyle": "normal",
            "fontWeight": "normal",
          },
          Object {},
        ]
      }
    >
      ï…š
    </Text>
  </View>
</View>
`
