// Jest Snapshot v1, https://goo.gl/fbAQLP

exports[`Base/Card should match snapshot 1`] = `
<View
  background="#000"
  height={50}
  style={
    Array [
      Object {
        "backgroundColor": "#000",
        "borderRadius": 12,
        "height": 50,
        "marginBottom": 5,
        "marginLeft": 5,
        "marginRight": 5,
        "marginTop": 5,
        "paddingBottom": 20,
        "paddingLeft": 20,
        "paddingRight": 20,
        "paddingTop": 20,
        "width": 50,
      },
      Object {
        "elevation": 8,
        "marginHorizontal": 5,
        "shadowColor": "#222",
        "shadowOffset": Object {
          "height": 4,
          "width": 0,
        },
        "shadowOpacity": 0.3,
        "shadowRadius": 4.65,
      },
    ]
  }
  width={50}
/>
`
